Microchip MPLAB XC8 Compiler V2.45

Linker command line:

-W-3 \
  --edf=C:\Program Files\Microchip\xc8\v2.45\pic\dat\20230818022343_en.msgs \
  -cn -h+dist/default/production\TP1_I2C_SW.X.production.sym \
  --cmf=dist/default/production\TP1_I2C_SW.X.production.cmf -z -Q16F877A \
  -oC:\Users\CHOAIB~1\AppData\Local\Temp\xcAsel4.\driver_tmp_3.o \
  --defsym=__MPLAB_BUILD=1 --fixupoverflow=error \
  -Mdist/default/production/TP1_I2C_SW.X.production.map \
  --md=C:\Users\CHOAIB~1\AppData\Local\Temp\xcAsel4.\driver_tmp_0.dat -E1 \
  -ver=XC8 Compiler --acfsm=1493 -ACODE=00h-07FFhx4 -ASTRCODE=00h-01FFFh \
  -ASTRING=00h-0FFhx32 -ACONST=00h-0FFhx32 -AENTRY=00h-0FFhx32 \
  -ACOMMON=070h-07Fh -ABANK0=020h-06Fh -ABANK1=0A0h-0EFh \
  -ABANK2=0110h-016Fh -ABANK3=0190h-01EFh \
  -ARAM=020h-06Fh,0A0h-0EFh,0110h-016Fh,0190h-01EFh \
  -AABS1=020h-07Fh,0A0h-0EFh,0110h-016Fh,0190h-01EFh -ASFR0=00h-01Fh \
  -ASFR1=080h-09Fh -ASFR2=0100h-010Fh -ASFR3=0180h-018Fh \
  -ACONFIG=02007h-02007h -DCONFIG=2 -AIDLOC=02000h-02003h -DIDLOC=2 \
  -AEEDATA=00h-0FFh/02100h -peeprom_data=EEDATA -DEEDATA=2 -DCODE=2 \
  -DSTRCODE=2 -DSTRING=2 -DCONST=2 -DENTRY=2 \
  -preset_vec=00h,intentry,init,end_init -ppowerup=CODE -pcinit=CODE \
  -pfunctab=ENTRY -k \
  C:\Users\CHOAIB~1\AppData\Local\Temp\xcAsel4.\driver_tmp_12.o \
  dist/default/production\TP1_I2C_SW.X.production.o 

Object code version is 3.11

Machine type is 16F877A



                Name                               Link     Load   Length Selector   Space Scale
C:\Users\CHOAIB~1\AppData\Local\Temp\xcAsel4.\driver_tmp_12.o
                end_init                              0        0        3        0       0
                config                             2007     2007        1        0       4
dist/default/production\TP1_I2C_SW.X.production.o
                cinit                               7FC      7FC        4      FF8       0
                config                             2007     2007        1        0       4
                text7                               71D      71D        9      E3A       0
                text6                               72F      72F        B      E5E       0
                text5                               73A      73A        B      E74       0
                text4                               745      745        B      E8A       0
                text3                               75B      75B       16      EB6       0
                text2                               726      726        9      E4C       0
                text1                               750      750        B      EA0       0
                maintext                            771      771       8B      EE2       0
                cstackCOMMON                         70       70        A       70       1

TOTAL           Name                               Link     Load   Length     Space
        CLASS   CODE           
                end_init                              0        0        3         0
                cinit                               7FC      7FC        4         0
                text7                               71D      71D        9         0
                text6                               72F      72F        B         0
                text5                               73A      73A        B         0
                text4                               745      745        B         0
                text3                               75B      75B       16         0
                text2                               726      726        9         0
                text1                               750      750        B         0
                maintext                            771      771       8B         0

        CLASS   STRCODE        

        CLASS   STRING         

        CLASS   CONST          

        CLASS   ENTRY          

        CLASS   COMMON         
                cstackCOMMON                         70       70        A         1

        CLASS   BANK0          

        CLASS   BANK1          

        CLASS   BANK2          

        CLASS   BANK3          

        CLASS   RAM            

        CLASS   ABS1           
                abs_s1                               7E       7E        2         1

        CLASS   SFR0           

        CLASS   SFR1           

        CLASS   SFR2           

        CLASS   SFR3           

        CLASS   CONFIG         
                config                             2007     2007        1         4

        CLASS   IDLOC          

        CLASS   EEDATA         

        CLASS   HEAP           

        CLASS   STACK          



SEGMENTS        Name                           Load    Length   Top    Selector   Space  Class     Delta

                reset_vec                      000000  000003  000003         0       0  CODE        2
                cstackCOMMON                   000070  00000A  00007A        70       1  COMMON      1
                text7                          00071D  000009  000726       E3A       0  CODE        2
                text2                          000726  000009  00072F       E4C       0  CODE        2
                text6                          00072F  00000B  00073A       E5E       0  CODE        2
                text5                          00073A  00000B  000745       E74       0  CODE        2
                text4                          000745  00000B  000750       E8A       0  CODE        2
                text1                          000750  00000B  00075B       EA0       0  CODE        2
                text3                          00075B  000016  000771       EB6       0  CODE        2
                maintext                       000771  00008B  0007FC       EE2       0  CODE        2
                cinit                          0007FC  000004  000800       FF8       0  CODE        2


UNUSED ADDRESS RANGES

        Name                Unused          Largest block    Delta
        BANK0            0020-006F             50           1
        BANK1            00A0-00EF             50           1
        BANK2            0110-016F             60           1
        BANK3            0190-01EF             60           1
        CODE             0003-071C            71A           2
                         0800-1FFF            800
        COMMON           007A-007D              4           1
        CONST            0003-071C            100           2
                         0800-1FFF            100
        EEDATA           2100-21FF            100           2
        ENTRY            0003-071C            100           2
                         0800-1FFF            100
        IDLOC            2000-2003              4           2
        RAM              0020-006F             50           1
                         00A0-00EF             50
                         0110-016F             60
                         0190-01EF             60
        SFR0             0000-001F             20           1
        SFR1             0080-009F             20           1
        SFR2             0100-010F             10           1
        SFR3             0180-018F             10           1
        STRCODE          0003-071C            71A           2
                         0800-1FFF           1800
        STRING           0003-071C            100           2
                         0800-1FFF            100

                                  Symbol Table

I2C_Init@clock_init_value  cstackCOMMON 0070
Send_Byte_Data@data        cstackCOMMON 0070
_I2C_Init                  text7        071D
_PIR1bits                  (abs)        000C
_Receive_Byte_Data         text6        072F
_Repeated_Start            text5        073A
_SSPADD                    (abs)        0093
_SSPBUF                    (abs)        0013
_SSPCON                    (abs)        0014
_SSPCON2bits               (abs)        0091
_SSPSTATbits               (abs)        0094
_Send_Byte_Data            text3        075B
_Send_NACK_Bit             text2        0726
_Start_Bit                 text1        0750
_Stop_Bit                  text4        0745
_TRISCbits                 (abs)        0087
__H__absolute__            __absolute__ 0000
__Habs1                    abs1         0000
__Hbank0                   bank0        0000
__Hbank1                   bank1        0000
__Hbank2                   bank2        0000
__Hbank3                   bank3        0000
__Hcinit                   cinit        0800
__Hclrtext                 clrtext      0000
__Hcode                    code         0000
__Hcommon                  common       0000
__Hconfig                  config       2008
__HcstackCOMMON            cstackCOMMON 0000
__Heeprom_data             eeprom_data  0000
__Hend_init                end_init     0003
__Hfunctab                 functab      0000
__Hheap                    heap         0000
__Hinit                    init         0000
__Hintentry                intentry     0000
__Hmaintext                maintext     0000
__Hpowerup                 powerup      0000
__Hram                     ram          0000
__Hreset_vec               reset_vec    0000
__Hsfr0                    sfr0         0000
__Hsfr1                    sfr1         0000
__Hsfr2                    sfr2         0000
__Hsfr3                    sfr3         0000
__Hspace_0                 (abs)        0800
__Hspace_1                 (abs)        007A
__Hspace_2                 (abs)        0000
__Hspace_3                 (abs)        0000
__Hspace_4                 (abs)        400F
__Hstack                   stack        0000
__Hstrings                 strings      0000
__Htext                    text         0000
__L__absolute__            __absolute__ 0000
__Labs1                    abs1         0000
__Lbank0                   bank0        0000
__Lbank1                   bank1        0000
__Lbank2                   bank2        0000
__Lbank3                   bank3        0000
__Lcinit                   cinit        07FC
__Lclrtext                 clrtext      0000
__Lcode                    code         0000
__Lcommon                  common       0000
__Lconfig                  config       0000
__LcstackCOMMON            cstackCOMMON 0000
__Leeprom_data             eeprom_data  0000
__Lend_init                end_init     0000
__Lfunctab                 functab      0000
__Lheap                    heap         0000
__Linit                    init         0000
__Lintentry                intentry     0000
__Lmaintext                maintext     0000
__Lpowerup                 powerup      0000
__Lram                     ram          0000
__Lreset_vec               reset_vec    0000
__Lsfr0                    sfr0         0000
__Lsfr1                    sfr1         0000
__Lsfr2                    sfr2         0000
__Lsfr3                    sfr3         0000
__Lspace_0                 (abs)        0000
__Lspace_1                 (abs)        0000
__Lspace_2                 (abs)        0000
__Lspace_3                 (abs)        0000
__Lspace_4                 (abs)        0000
__Lstack                   stack        0000
__Lstrings                 strings      0000
__Ltext                    text         0000
__S0                       (abs)        0800
__S1                       (abs)        007A
__S3                       (abs)        0000
___heap_hi                 (abs)        0000
___heap_lo                 (abs)        0000
___int_sp                  stack        0000
___int_stack_hi            stack        0000
___int_stack_lo            stack        0000
___latbits                 (abs)        0002
___sp                      stack        0000
___stack_hi                stack        0000
___stack_lo                stack        0000
___stackhi                 (abs)        0000
___stacklo                 (abs)        0000
__end_of_I2C_Init          text7        0726
__end_of_Receive_Byte_Data text6        073A
__end_of_Repeated_Start    text5        0745
__end_of_Send_Byte_Data    text3        0771
__end_of_Send_NACK_Bit     text2        072F
__end_of_Start_Bit         text1        075B
__end_of_Stop_Bit          text4        0750
__end_of__initialization   cinit        07FC
__end_of_main              maintext     07FC
__initialization           cinit        07FC
__pcstackCOMMON            cstackCOMMON 0070
__pmaintext                maintext     0771
__ptext1                   text1        0750
__ptext2                   text2        0726
__ptext3                   text3        075B
__ptext4                   text4        0745
__ptext5                   text5        073A
__ptext6                   text6        072F
__ptext7                   text7        071D
_main                      maintext     0771
btemp                      (abs)        007E
end_of_initialization      cinit        07FC
intlevel0                  functab      0000
intlevel1                  functab      0000
intlevel2                  functab      0000
intlevel3                  functab      0000
intlevel4                  functab      0000
intlevel5                  functab      0000
main@data_to_write         cstackCOMMON 0076
main@memor_address_h       cstackCOMMON 0078
main@memor_address_l       cstackCOMMON 0079
main@slave_address_r       cstackCOMMON 0075
main@slave_address_w       cstackCOMMON 0077
reset_vec                  reset_vec    0000
start                      init         0000
start_initialization       cinit        07FC
wtemp0                     (abs)        007E


MODULE INFORMATION

Module		Function		Class		Link	Load	Size
shared
		__initialization		CODE           	07FC	0000	1

shared estimated size: 1

main.c
		_Send_Byte_Data		CODE           	075B	0000	22
		_Stop_Bit      		CODE           	0745	0000	11
		_main          		CODE           	0771	0000	139
		_Receive_Byte_Data		CODE           	072F	0000	11
		_Start_Bit     		CODE           	0750	0000	11
		_Send_NACK_Bit 		CODE           	0726	0000	9
		_I2C_Init      		CODE           	071D	0000	9
		_Repeated_Start		CODE           	073A	0000	11

main.c estimated size: 223

